VBCSCompilerPreWarmer: pre-warm launched (dotnet PID 27212)
VBCSCompiler prewarm took 11.16 ms
[Licensing::Module] Trying to connect to existing licensing client channel...
Built from '6000.6/respin/6000.6.0f1-fa21a270ab12' branch; Version is '6000.6.0f1 (f7f8ed4d1e24) revision 16251117'; Using compiler version '194234433'; Build Type 'Release'
[Licensing::IpcConnector] Successfully connected to: "LicenseClient-Ralph Simon Gaviola" at "2026-09-27T05:56:57.8656455Z"
OS: 'Windows 11  (10.0.26200) CoreSingleLanguage' Language: 'en' Physical Memory: 15636 MB
BatchMode: 1, IsHumanControllingUs: 0, StartBugReporterOnCrash: 0, Is64bit: 1
System  architecture: x64
Process architecture: x64
Date: 2026-09-27T05:56:57Z
[Licensing::Client] Code 10 while verifying Licensing Client signature (process Id: 19824, path: "C:/Program Files/Unity Hub/UnityLicensingClient_V1/Unity.Licensing.Client.exe")
[Licensing::Module] LicensingClient has failed validation; ignoring
[Licensing::Client] Handshaking with LicensingClient:
  Version:                 1.18.3+d7ffd15
  Session Id:              7fc7e70fc5544aea83dcd76fe02b0e29
  Correlation Id:          b25c3c94005510da433aab986457d077
  External correlation Id: 1167857415848724211
  Machine Id:              WFmmzmRdMjQ+dX0diIaPSfjRBE4=
[Licensing::Module] Successfully connected to LicensingClient on channel: "LicenseClient-Ralph Simon Gaviola" (connect: 0.00s, validation: 0.00s, handshake: 0.08s)
[Licensing::IpcConnector] Successfully connected to: "LicenseClient-Ralph Simon Gaviola-notifications" at "2026-09-27T05:56:57.9442186Z"
[Licensing::Module] Error: Access token is unavailable; failed to update
[Licensing::Client] Successfully resolved entitlement details
[Licensing::Module] License group:
  Id: 18968501245058-UnityPersXXXX
  Product: Unity Personal
  Type: Assigned
  Expiration: Unlimited
[Licensing::Client] Successfully updated license, isAsync: True, time: 0.00
[Licensing::Client] Successfully resolved entitlement details
[Licensing::Module] Licensing Background thread has ended after 0.09s

COMMAND LINE ARGUMENTS:
C:\Program Files\Unity\Hub\Editor\6000.6.0f1\Editor\Unity.exe
-quit
-batchmode
-projectPath
C:\Users\Ralph Simon Gaviola\Downloads\2D-Gaviola\2D-Gaviola
-buildWindows64Player
Builds\Windows\2D-Gaviola.exe
-logFile
build.log
Successfully changed project path to: C:\Users\Ralph Simon Gaviola\Downloads\2D-Gaviola\2D-Gaviola
C:/Users/Ralph Simon Gaviola/Downloads/2D-Gaviola/2D-Gaviola
[ExitDontLaunchBugReporter] Exiting without the bug reporter. Application will exit with return code 1
